зддддддддддддддддддддддддддддддддддддддддддддддддддддддддддддддддддддддддддддд©
Ё                                                                             Ё
юддддддддддддддддддддддддддддддддддддддддддддддддддддддддддддддддддддддддддддды
зддддддддддддддддддддддддддддддддддддддддддддддддддддддддддддддддддддддддддддд©















юддддддддддддддддддддддддддддддддддддддддддддддддддддддддддддддддддддддддддддды
